// Jest Snapshot v1, https://goo.gl/fbAQLP

exports[`matches snapshot 1`] = `
<DocumentFragment>
  <div
    class="Home"
  >
    <div
      class="Home-container"
    >
      <h1
        class="Home-h1"
      >
        Does your favorite movie pass the Bechdel test?
      </h1>
      <div
        class="Home-flex-container"
      >
        <div
          class="Home-flex-item"
        >
          <h1>
            1
          </h1>
           
          <h4>
            It has at least two women
          </h4>
        </div>
        <div
          class="Home-flex-item"
        >
          <h1>
            2
          </h1>
           
          <h4>
            Who talk to eachother
          </h4>
        </div>
        <div
          class="Home-flex-item"
        >
          <h1>
            3
          </h1>
           
          <h4>
            About something besies a man
          </h4>
        </div>
      </div>
      <div
        class="Home-search-btn"
      >
        <button
          class="btn btn-danger"
          type="button"
        >
          SEARCH
        </button>
         
      </div>
    </div>
    <div
      class="Home-accordion"
    >
      <div
        class="makeStyles-root-3"
      >
        <div
          class="MuiPaper-root MuiAccordion-root MuiAccordion-rounded MuiPaper-elevation1 MuiPaper-rounded"
        >
          <div
            aria-controls="panel1a-content"
            aria-disabled="false"
            aria-expanded="false"
            class="MuiButtonBase-root MuiAccordionSummary-root"
            id="panel1a-header"
            role="button"
            tabindex="0"
          >
            <div
              class="MuiAccordionSummary-content"
            >
              <p
                class="MuiTypography-root makeStyles-heading-4 MuiTypography-body1"
              >
                Bechdel Test Resources
              </p>
            </div>
            <div
              aria-disabled="false"
              aria-hidden="true"
              class="MuiButtonBase-root MuiIconButton-root MuiAccordionSummary-expandIcon MuiIconButton-edgeEnd"
            >
              <span
                class="MuiIconButton-label"
              >
                <svg
                  aria-hidden="true"
                  class="MuiSvgIcon-root"
                  focusable="false"
                  viewBox="0 0 24 24"
                >
                  <path
                    d="M16.59 8.59L12 13.17 7.41 8.59 6 10l6 6 6-6z"
                  />
                </svg>
              </span>
              <span
                class="MuiTouchRipple-root"
              />
            </div>
          </div>
          <div
            class="MuiCollapse-container MuiCollapse-hidden"
            style="min-height: 0px;"
          >
            <div
              class="MuiCollapse-wrapper"
            >
              <div
                class="MuiCollapse-wrapperInner"
              >
                <div
                  aria-labelledby="panel1a-header"
                  id="panel1a-content"
                  role="region"
                >
                  <div
                    class="MuiAccordionDetails-root"
                  >
                    <p
                      class="MuiTypography-root MuiTypography-body1"
                    >
                      Born from Alison Bechdel's 1985 comic strip, the Bechdel Test highlights how male dominated cinema is and helps calculate thsi measure across decades. 
                      <a
                        href="https://fivethirtyeight.com/features/the-dollar-and-cents-case-against-hollywoods-exclusion-of-women/"
                      >
                        Read more
                      </a>
                    </p>
                  </div>
                </div>
              </div>
            </div>
          </div>
        </div>
        <div
          class="MuiPaper-root MuiAccordion-root MuiAccordion-rounded MuiPaper-elevation1 MuiPaper-rounded"
        >
          <div
            aria-controls="panel2a-content"
            aria-disabled="false"
            aria-expanded="false"
            class="MuiButtonBase-root MuiAccordionSummary-root"
            id="panel2a-header"
            role="button"
            tabindex="0"
          >
            <div
              class="MuiAccordionSummary-content"
            >
              <p
                class="MuiTypography-root makeStyles-heading-4 MuiTypography-body1"
              >
                Details about the movie data
              </p>
            </div>
            <div
              aria-disabled="false"
              aria-hidden="true"
              class="MuiButtonBase-root MuiIconButton-root MuiAccordionSummary-expandIcon MuiIconButton-edgeEnd"
            >
              <span
                class="MuiIconButton-label"
              >
                <svg
                  aria-hidden="true"
                  class="MuiSvgIcon-root"
                  focusable="false"
                  viewBox="0 0 24 24"
                >
                  <path
                    d="M16.59 8.59L12 13.17 7.41 8.59 6 10l6 6 6-6z"
                  />
                </svg>
              </span>
              <span
                class="MuiTouchRipple-root"
              />
            </div>
          </div>
          <div
            class="MuiCollapse-container MuiCollapse-hidden"
            style="min-height: 0px;"
          >
            <div
              class="MuiCollapse-wrapper"
            >
              <div
                class="MuiCollapse-wrapperInner"
              >
                <div
                  aria-labelledby="panel2a-header"
                  id="panel2a-content"
                  role="region"
                >
                  <div
                    class="MuiAccordionDetails-root"
                  >
                    <p
                      class="MuiTypography-root MuiTypography-body1"
                    >
                      Lorem ipsum dolor sit amet, consectetur adipiscing elit. Suspendisse malesuada lacus ex, sit amet blandit leo lobortis eget.
                    </p>
                  </div>
                </div>
              </div>
            </div>
          </div>
        </div>
      </div>
    </div>
  </div>
</DocumentFragment>
`;
