// Jest Snapshot v1, https://goo.gl/fbAQLP

exports[`matches snapshot 1`] = `
<DocumentFragment>
  <div
    class="MovieCard-flex-item card card-body"
  >
    <div
      class="CardTitle-div"
    >
      <h4>
         ()
      </h4>
    </div>
    <h5
      class="CardText card-text"
    >
      Bechdel Rating: 
    </h5>
    <button
      class="MovieCard-btn"
    >
      <svg
        aria-hidden="true"
        class="svg-inline--fa fa-plus fa-w-14 fa-5x faPlus"
        data-icon="plus"
        data-prefix="fas"
        focusable="false"
        role="img"
        viewBox="0 0 448 512"
        xmlns="http://www.w3.org/2000/svg"
      >
        <path
          d="M416 208H272V64c0-17.67-14.33-32-32-32h-32c-17.67 0-32 14.33-32 32v144H32c-17.67 0-32 14.33-32 32v32c0 17.67 14.33 32 32 32h144v144c0 17.67 14.33 32 32 32h32c17.67 0 32-14.33 32-32V304h144c17.67 0 32-14.33 32-32v-32c0-17.67-14.33-32-32-32z"
          fill="currentColor"
        />
      </svg>
    </button>
  </div>
</DocumentFragment>
`;
