// Jest Snapshot v1, https://goo.gl/fbAQLP

exports[`matches snapshot 1`] = `
<DocumentFragment>
  <div
    class="Form container"
  >
    <h3>
      LOGIN
    </h3>
    <form
      class="Form-form"
    >
      <div
        class="col"
      >
        <div
          class="form-group"
        >
          <label
            class=""
          >
            Username
          </label>
          <input
            autocomplete="username"
            class="form-control"
            name="username"
            required=""
            type="text"
            value=""
          />
        </div>
      </div>
      <div
        class="col"
      >
        <div
          class="form-group"
        >
          <label
            class=""
          >
            Password
          </label>
          <input
            class="form-control"
            name="password"
            required=""
            type="password"
            value=""
          />
        </div>
      </div>
      <button
        class="btn btn-secondary"
      >
        Submit
      </button>
    </form>
  </div>
</DocumentFragment>
`;
